################################################################################
#                                                                              #
#      IAR Universal Linker V4.60K/386                                         #
#                                                                              #
#           Link time     =  29/Mar/2012  21:30:27                             #
#           Target CPU    =  MSP430                                            #
#           List file     =  \\Dell\msp430_iar_projects\TC-Thermostat\Debug\Li #
#                            st\tempDemo.map                                   #
#           Output file 1 =  \\Dell\msp430_iar_projects\TC-Thermostat\Debug\Ex #
#                            e\tempDemo.d43                                    #
#                            Format: debug                                     #
#                            UBROF version 10.0.2                              #
#                            Using library modules for C-SPY (-r)              #
#           Command line  =  \\Dell\msp430_iar_projects\TC-Thermostat\Debug\Ob #
#                            j\Temp.r43                                        #
#                            -o                                                #
#                            \\Dell\msp430_iar_projects\TC-Thermostat\Debug\Ex #
#                            e\tempDemo.d43                                    #
#                            -l                                                #
#                            \\Dell\msp430_iar_projects\TC-Thermostat\Debug\Li #
#                            st\tempDemo.map                                   #
#                            -xso                                              #
#                            "-IC:\Program Files\IAR Systems\Embedded Workbenc #
#                            h 4.0\430\LIB\"                                   #
#                            -f                                                #
#                            "C:\Program Files\IAR Systems\Embedded Workbench  #
#                            4.0\430\CONFIG\lnk430F2013.xcl"                   #
#                            (-cmsp430                                         #
#                            -Z(DATA)DATA16_I,DATA16_Z,DATA16_N,DATA16_HEAP+_D #
#                            ATA16_HEAP_SIZE=0200-027F                         #
#                            -Z(DATA)CSTACK+_STACK_SIZE#                       #
#                            -Z(CODE)INFO=1000-10FF -Z(CODE)INFOA=10C0-10FF    #
#                            -Z(CODE)INFOB=1080-10BF -Z(CODE)INFOC=1040-107F   #
#                            -Z(CODE)INFOD=1000-103F                           #
#                            -Z(CONST)DATA16_C,DATA16_ID,DIFUNCT=F800-FFDF     #
#                            -Z(CONST)DATA20_C,DATA20_ID=F800-FFDF             #
#                            -Z(CODE)CSTART,ISR_CODE=F800-FFDF                 #
#                            -P(CODE)CODE=F800-FFDF -Z(CODE)INTVEC=FFE0-FFFF   #
#                            -Z(CODE)RESET=FFFE-FFFF) -D_STACK_SIZE=32 -r      #
#                            "C:\Program Files\IAR Systems\Embedded Workbench  #
#                            4.0\430\LIB\CLIB\cl430f.r43"                      #
#                            -e_small_write=_formatted_write                   #
#                            -e_medium_read=_formatted_read                    #
#                            -D_DATA16_HEAP_SIZE=0 -s __program_start          #
#                            -D_DATA20_HEAP_SIZE=50                            #
#                                                                              #
#                        Copyright 1987-2007 IAR Systems. All rights reserved. #
################################################################################





                ****************************************
                *                                      *
                *           CROSS REFERENCE            *
                *                                      *
                ****************************************

       Program entry at :           F820  Relocatable, from module : ?cstart




                ****************************************
                *                                      *
                *            RUNTIME MODEL             *
                *                                      *
                ****************************************

  __core        = 430
  __double_size = 32
  __pic         = no
  __reg_r4      = free
  __reg_r5      = free
  __rt_version  = 3



                ****************************************
                *                                      *
                *              CALL GRAPH              *
                *                                      *
                ****************************************

  ->Sub-tree of type: Interrupt function tree that does not make
                    : indirect calls
                             CSTACK
    | Stack used (prev) :  00000000
  01  SD16ISR
      | Stack used (prev) :  00000000
      | + function block  :  00000012
  <-Sub-tree of type: Interrupt function tree that does not make
                    : indirect calls
    | Stack used          :  00000012


  ->Sub-tree of type: Interrupt function tree that does not make
                    : indirect calls
                             CSTACK
    | Stack used (prev) :  00000012
  01  watchdog_timer
      | Stack used (prev) :  00000012
      | + function block  :  00000004
  <-Sub-tree of type: Interrupt function tree that does not make
                    : indirect calls
    | Stack used          :  00000016


  ->Sub-tree of type: Function tree
                             CSTACK
    | Stack used (prev) :  00000016
  01  main
      | Stack used (prev) :  00000016
      | + function block  :  00000002
  <-Sub-tree of type: Function tree
    | Stack used          :  00000018


  ->Sub-tree of type: Function tree
                             CSTACK
    | Stack used (prev) :  00000018
  01  exit
      | Stack used (prev) :  00000018
      | + function block  :  00000002
  <-Sub-tree of type: Function tree
    | Stack used          :  0000001A


  ->Sub-tree of type: Function tree
                             CSTACK
    | Stack used (prev) :  0000001A
  01  __data16_memzero
      | Stack used (prev) :  0000001A
      | + function block  :  00000002
  <-Sub-tree of type: Function tree
    | Stack used          :  0000001C


  ->Sub-tree of type: Function tree
                             CSTACK
    | Stack used (prev) :  0000001C
  02    memcpy
        | Stack used (prev) :  0000001C
        | + function block  :  00000004
  01  __data16_memcpy
      | Stack used (prev) :  00000020
      | + function block  :  00000002
  <-Sub-tree of type: Function tree
    | Stack used          :  00000022




                ****************************************
                *                                      *
                *      SEGMENTS IN ADDRESS ORDER       *
                *                                      *
                ****************************************


SEGMENT              SPACE    START ADDRESS   END ADDRESS     SIZE  TYPE  ALIGN
=======              =====    =============   ===========     ====  ====  =====
DATA16_AN                              0000 - 0000               1   rel    0
                                       0021 - 0022               2 
                                       0029 - 002A               2 
                                       002E - 002E               1 
                                       0056 - 0058               3 
                                       00B0 - 00B0               1 
                                       00B7 - 00B7               1 
                                       0100 - 0103               4 
                                       0112 - 0113               2 
                                       0120 - 0121               2 
DATA16_I                               0200 - 021F              20   rel    1
DATA16_Z                               0220 - 0234              15   rel    1
CSTACK                                 024E - 027F              32   rel    1
DATA16_AN                              10FC - 10FD               2   rel    0
DATA16_C                                  F800                       dse    0
DATA16_ID                              F800 - F81F              20   rel    1
CSTART                                 F820 - F847              28   rel    1
<CODE> 1                               F848 - FEA1             65A   rel    1
INTVEC                                 FFE0 - FFF5              16   com    1
RESET                                  FFFE - FFFF               2   rel    1

                ****************************************
                *                                      *
                *        END OF CROSS REFERENCE        *
                *                                      *
                ****************************************

 1 690 bytes of CODE  memory
   103 bytes of DATA  memory (+ 21 absolute )
    32 bytes of CONST memory

Errors: none
Warnings: none

