################################################################################
#                                                                              #
#      IAR Universal Linker V4.59Y/386                                         #
#                                                                              #
#           Link time     =  30/Jan/2007  11:51:11                             #
#           Target CPU    =  MSP430                                            #
#           List file     =  "C:\iarprojects\my_stepper\Debug\List\MSP430x2xx  #
#                            (C).map"                                          #
#           Output file 1 =  "C:\iarprojects\my_stepper\Debug\Exe\MSP430x2xx ( #
#                            C).d43"                                           #
#                            Format: debug                                     #
#                            UBROF version 10.0.2                              #
#                            Using library modules for C-SPY (-rt)             #
#           Command line  =  C:\iarprojects\my_stepper\Debug\Obj\BipolarSteppe #
#                            rController.r43                                   #
#                            -o                                                #
#                            "C:\iarprojects\my_stepper\Debug\Exe\MSP430x2xx ( #
#                            C).d43"                                           #
#                            -l                                                #
#                            "C:\iarprojects\my_stepper\Debug\List\MSP430x2xx  #
#                            (C).map"                                          #
#                            -xsn                                              #
#                            "-IC:\Program Files\IAR Systems\Embedded Workbenc #
#                            h 4.0\430\LIB\"                                   #
#                            -f                                                #
#                            "C:\Program Files\IAR Systems\Embedded Workbench  #
#                            4.0\430\CONFIG\lnk430F2013.xcl"                   #
#                            (-cmsp430                                         #
#                            -Z(DATA)DATA16_I,DATA16_Z,DATA16_N,HEAP+_HEAP_SIZ #
#                            E=0200-027F                                       #
#                            -Z(DATA)CSTACK+_STACK_SIZE#                       #
#                            -Z(CODE)INFO=1000-10FF -Z(CODE)INFOA=10C0-10FF    #
#                            -Z(CODE)INFOB=1080-10BF -Z(CODE)INFOC=1040-107F   #
#                            -Z(CODE)INFOD=1000-103F                           #
#                            -Z(CODE)CSTART=F800-FFDF -Z(CODE)CODE=F800-FFDF   #
#                            -Z(CONST)DATA16_C,DATA16_ID,DIFUNCT,CHECKSUM=F800 #
#                            -FFDF                                             #
#                            -Z(CONST)INTVEC=FFE0-FFFF                         #
#                            -Z(CONST)RESET=FFFE-FFFF) -D_STACK_SIZE=32 -rt    #
#                            "C:\Program Files\IAR Systems\Embedded Workbench  #
#                            4.0\430\LIB\CLIB\cl430f.r43"                      #
#                            -e_small_write=_formatted_write -D_HEAP_SIZE=0    #
#                            -s __program_start                                #
#                                                                              #
#                        Copyright 1987-2006 IAR Systems. All rights reserved. #
################################################################################





                ****************************************
                *                                      *
                *           CROSS REFERENCE            *
                *                                      *
                ****************************************

       Program entry at :           F806  Relocatable, from module : ?cstart




                ****************************************
                *                                      *
                *            RUNTIME MODEL             *
                *                                      *
                ****************************************

  __core        = 64kb
  __double_size = 32
  __pic         = no
  __reg_r4      = free
  __reg_r5      = free
  __rt_version  = 2



                ****************************************
                *                                      *
                *            MODULE SUMMARY            *
                *                                      *
                ****************************************

Module                     CODE      DATA      CONST
------                     ----      ----      -----
                          (Rel)  (Rel)  (Abs)  (Rel)
?DivMod816u                  28
?__exit                       2
?_exit                        4
?clibexit                     4
?cstart                      24
?memzero                     18
?reset_vector                                      2
BipolarStepperController    316      7     18      8
  + common                                        22
N/A (command line)                  50
----------                  ---     --     --     --
Total:                      396     57     18     10
  + common                                        22


                ****************************************
                *                                      *
                *      SEGMENTS IN ADDRESS ORDER       *
                *                                      *
                ****************************************


SEGMENT              SPACE    START ADDRESS   END ADDRESS     SIZE  TYPE  ALIGN
=======              =====    =============   ===========     ====  ====  =====
DATA16_AN                              0020 - 0022               3   rel    0
                                       0026 - 0027               2 
                                       0056 - 0058               3 
                                       0120 - 0121               2 
                                       0160 - 0163               4 
                                       0172 - 0173               2 
DATA16_I                                  0200                       dse    0
DATA16_Z                               0200 - 0206               7   rel    1
CSTACK                                 024E - 027F              32   rel    1
DATA16_AN                              10F8 - 10F9               2   rel    0
CSTART                                 F800 - F81D              1E   rel    1
CODE                                   F81E - F98B             16E   rel    1
DATA16_C                               F98C - F993               8   rel    0
INTVEC                                 FFE0 - FFF5              16   com    1
RESET                                  FFFE - FFFF               2   rel    1

                ****************************************
                *                                      *
                *        END OF CROSS REFERENCE        *
                *                                      *
                ****************************************

 396 bytes of CODE  memory
  57 bytes of DATA  memory (+ 18 absolute )
  32 bytes of CONST memory

Errors: none
Warnings: none

