******************************************************************************
       MSP430 Evaluation Linker PC v3.2.1                      
******************************************************************************
>> Linked Sat Feb 13 09:47:47 2010

OUTPUT FILE NAME:   <AoA.out>
ENTRY POINT SYMBOL: "_c_int00"  address: 0000fee4


MEMORY CONFIGURATION

         name            origin    length      used     unused   attr    fill
----------------------  --------  ---------  --------  --------  ----  --------
  SFR                   00000000   00000010  00000000  00000010  RWIX
  PERIPHERALS_8BIT      00000010   000000f0  00000000  000000f0  RWIX
  PERIPHERALS_16BIT     00000100   00000100  00000000  00000100  RWIX
  RAM                   00000200   00000080  00000054  0000002c  RWIX
  INFOD                 00001000   00000040  0000000c  00000034  RWIX
  INFOC                 00001040   00000040  0000000c  00000034  RWIX
  INFOB                 00001080   00000040  0000000c  00000034  RWIX
  INFOA                 000010c0   00000040  00000000  00000040  RWIX
  FLASH                 0000f800   000007e0  00000780  00000060  RWIX
  INT00                 0000ffe0   00000002  00000000  00000002  RWIX
  INT01                 0000ffe2   00000002  00000000  00000002  RWIX
  INT02                 0000ffe4   00000002  00000000  00000002  RWIX
  INT03                 0000ffe6   00000002  00000000  00000002  RWIX
  INT04                 0000ffe8   00000002  00000002  00000000  RWIX
  INT05                 0000ffea   00000002  00000002  00000000  RWIX
  INT06                 0000ffec   00000002  00000000  00000002  RWIX
  INT07                 0000ffee   00000002  00000000  00000002  RWIX
  INT08                 0000fff0   00000002  00000000  00000002  RWIX
  INT09                 0000fff2   00000002  00000000  00000002  RWIX
  INT10                 0000fff4   00000002  00000000  00000002  RWIX
  INT11                 0000fff6   00000002  00000000  00000002  RWIX
  INT12                 0000fff8   00000002  00000000  00000002  RWIX
  INT13                 0000fffa   00000002  00000000  00000002  RWIX
  INT14                 0000fffc   00000002  00000000  00000002  RWIX
  RESET                 0000fffe   00000002  00000002  00000000  RWIX


SECTION ALLOCATION MAP

 output                                  attributes/
section   page    origin      length       input sections
--------  ----  ----------  ----------   ----------------
.cinit     0    0000f800    00000000     UNINITIALIZED

.pinit     0    0000f800    00000000     UNINITIALIZED

.bss       0    00000200    00000022     UNINITIALIZED
                  00000200    00000019     AOA.obj (.bss)
                  00000219    00000001     --HOLE--
                  0000021a    00000004     rts430.lib : _lock.obj (.bss)
                  0000021e    00000004                : boot.obj (.bss)

.stack     0    0000024c    00000032     UNINITIALIZED
                  0000024c    00000002     rts430.lib : boot.obj (.stack)
                  0000024e    00000030     --HOLE--

.infoD     0    00001000    0000000c     UNINITIALIZED
                  00001000    0000000c     AOA.obj (.infoD)

.infoC     0    00001040    0000000c     UNINITIALIZED
                  00001040    0000000c     AOA.obj (.infoC)

.infoB     0    00001080    0000000c     UNINITIALIZED
                  00001080    0000000c     AOA.obj (.infoB)

.text      0    0000f800    00000780     
                  0000f800    0000048e     AOA.obj (.text:main)
                  0000fc8e    000000ba     AOA.obj (.text:ISR_USI_TXRX)
                  0000fd48    00000058     rts430.lib : div32u.obj (.text)
                  0000fda0    00000042     AOA.obj (.text:MAX7315_Init)
                  0000fde2    00000040     rts430.lib : div32s.obj (.text)
                  0000fe22    0000003e     AOA.obj (.text:MAX7315_Dim)
                  0000fe60    00000030     AOA.obj (.text:MAX7315_Led)
                  0000fe90    0000002c     rts430.lib : lsl16.obj (.text)
                  0000febc    00000028     AOA.obj (.text:Flash_EraseOld_and_Reset)
                  0000fee4    0000001e     rts430.lib : boot.obj (.text:_c_int00_noinit_noexit)
                  0000ff02    0000001c     AOA.obj (.text:I2c_Init)
                  0000ff1e    0000001c     AOA.obj (.text:I2c_Transmit)
                  0000ff3a    0000001a     AOA.obj (.text:ReadADC)
                  0000ff54    00000016     rts430.lib : div16u.obj (.text)
                  0000ff6a    0000000c     AOA.obj (.text:SD16ISR)
                  0000ff76    00000004     rts430.lib : pre_init.obj (.text:_system_pre_init)
                  0000ff7a    00000004                : exit.obj (.text:abort)
                  0000ff7e    00000002                : _lock.obj (.text:_nop)

.int04     0    0000ffe8    00000002     
                  0000ffe8    00000002     AOA.obj (.int04)

.int05     0    0000ffea    00000002     
                  0000ffea    00000002     AOA.obj (.int05)

.reset     0    0000fffe    00000002     
                  0000fffe    00000002     rts430.lib : boot.obj (.reset)


GLOBAL SYMBOLS: SORTED ALPHABETICALLY BY Name 

address    name
--------   ----
00000200   .bss
0000f800   .text
00000214   ADC_Flap
00000210   ADC_Vane
00000057   BCSCTL1
00000058   BCSCTL2
00000053   BCSCTL3
0000ff7a   C$$EXIT
000010fb   CALBC1_12MHZ
000010f9   CALBC1_16MHZ
000010ff   CALBC1_1MHZ
000010fd   CALBC1_8MHZ
000010fa   CALDCO_12MHZ
000010f8   CALDCO_16MHZ
000010fe   CALDCO_1MHZ
000010fc   CALDCO_8MHZ
00000056   DCOCTL
00000128   FCTL1
0000012a   FCTL2
0000012c   FCTL3
0000febc   Flash_EraseOld_and_Reset
00000202   I2C_State
0000ff02   I2c_Init
0000ff1e   I2c_Transmit
00000000   IE1
00000002   IFG1
0000fc8e   ISR_USI_TXRX
0000fe90   I_LSL
0000feb8   I_LSL_1
0000fea6   I_LSL_10
0000fea4   I_LSL_11
0000fea2   I_LSL_12
0000fea0   I_LSL_13
0000fe9e   I_LSL_14
0000fe9c   I_LSL_15
0000feb6   I_LSL_2
0000feb4   I_LSL_3
0000feb2   I_LSL_4
0000feb0   I_LSL_5
0000feae   I_LSL_6
0000feac   I_LSL_7
0000feaa   I_LSL_8
0000fea8   I_LSL_9
0000fe22   MAX7315_Dim
0000fda0   MAX7315_Init
0000fe60   MAX7315_Led
00000204   MST_Data
00000022   P1DIR
00000025   P1IE
00000024   P1IES
00000023   P1IFG
00000020   P1IN
00000021   P1OUT
00000027   P1REN
00000026   P1SEL
0000002a   P2DIR
0000002d   P2IE
0000002c   P2IES
0000002b   P2IFG
00000028   P2IN
00000029   P2OUT
0000002f   P2REN
0000002e   P2SEL
0000ff3a   ReadADC
000000b7   SD16AE
00000102   SD16CCTL0
000000f7   SD16CONF0
000000bf   SD16CONF1
00000100   SD16CTL
000000b0   SD16INCTL0
0000ff6a   SD16ISR
00000110   SD16IV
00000112   SD16MEM0
00000172   TACCR0
00000174   TACCR1
00000162   TACCTL0
00000164   TACCTL1
00000160   TACTL
0000012e   TAIV
00000170   TAR
0000007a   USICCTL
0000007a   USICKCTL
0000007b   USICNT
00000078   USICTL
00000078   USICTL0
00000079   USICTL1
0000007c   USISR
0000007d   USISRH
0000007c   USISRL
00000120   WDTCTL
0000027e   __STACK_END
00000032   __STACK_SIZE
00000001   __TI_args_main
00000001   __TI_auto_init
00000001   __TI_exit
ffffffff   __binit__
00000200   __bss__
ffffffff   __c_args__
ffffffff   __cinit__
0000fde2   __divli
0000ff54   __divu
0000fd48   __divul
00000222   __end__
0000ff80   __etext__
ffffffff   __pinit__
0000fde2   __remli
0000ff54   __remu
0000fd48   __remul
0000f800   __text__
0000fee4   _c_int00
0000fee4   _c_int00_noinit_noexit
0000021e   _cleanup_ptr
00000220   _dtors_ptr
0000021a   _lock
0000ff7e   _nop
0000fffe   _reset_vector
0000024c   _stack
0000ff76   _system_pre_init
0000021c   _unlock
0000ff7a   abort
ffffffff   binit
ffffffff   cinit
00000222   end
0000ff80   etext
00001080   info_B
00001040   info_C
00001000   info_D
0000f800   main
0000020e   n_tx
00000200   p_data
ffffffff   pinit


GLOBAL SYMBOLS: SORTED BY Symbol Address 

address    name
--------   ----
00000000   IE1
00000001   __TI_args_main
00000001   __TI_auto_init
00000001   __TI_exit
00000002   IFG1
00000020   P1IN
00000021   P1OUT
00000022   P1DIR
00000023   P1IFG
00000024   P1IES
00000025   P1IE
00000026   P1SEL
00000027   P1REN
00000028   P2IN
00000029   P2OUT
0000002a   P2DIR
0000002b   P2IFG
0000002c   P2IES
0000002d   P2IE
0000002e   P2SEL
0000002f   P2REN
00000032   __STACK_SIZE
00000053   BCSCTL3
00000056   DCOCTL
00000057   BCSCTL1
00000058   BCSCTL2
00000078   USICTL
00000078   USICTL0
00000079   USICTL1
0000007a   USICCTL
0000007a   USICKCTL
0000007b   USICNT
0000007c   USISR
0000007c   USISRL
0000007d   USISRH
000000b0   SD16INCTL0
000000b7   SD16AE
000000bf   SD16CONF1
000000f7   SD16CONF0
00000100   SD16CTL
00000102   SD16CCTL0
00000110   SD16IV
00000112   SD16MEM0
00000120   WDTCTL
00000128   FCTL1
0000012a   FCTL2
0000012c   FCTL3
0000012e   TAIV
00000160   TACTL
00000162   TACCTL0
00000164   TACCTL1
00000170   TAR
00000172   TACCR0
00000174   TACCR1
00000200   .bss
00000200   __bss__
00000200   p_data
00000202   I2C_State
00000204   MST_Data
0000020e   n_tx
00000210   ADC_Vane
00000214   ADC_Flap
0000021a   _lock
0000021c   _unlock
0000021e   _cleanup_ptr
00000220   _dtors_ptr
00000222   __end__
00000222   end
0000024c   _stack
0000027e   __STACK_END
00001000   info_D
00001040   info_C
00001080   info_B
000010f8   CALDCO_16MHZ
000010f9   CALBC1_16MHZ
000010fa   CALDCO_12MHZ
000010fb   CALBC1_12MHZ
000010fc   CALDCO_8MHZ
000010fd   CALBC1_8MHZ
000010fe   CALDCO_1MHZ
000010ff   CALBC1_1MHZ
0000f800   .text
0000f800   __text__
0000f800   main
0000fc8e   ISR_USI_TXRX
0000fd48   __divul
0000fd48   __remul
0000fda0   MAX7315_Init
0000fde2   __divli
0000fde2   __remli
0000fe22   MAX7315_Dim
0000fe60   MAX7315_Led
0000fe90   I_LSL
0000fe9c   I_LSL_15
0000fe9e   I_LSL_14
0000fea0   I_LSL_13
0000fea2   I_LSL_12
0000fea4   I_LSL_11
0000fea6   I_LSL_10
0000fea8   I_LSL_9
0000feaa   I_LSL_8
0000feac   I_LSL_7
0000feae   I_LSL_6
0000feb0   I_LSL_5
0000feb2   I_LSL_4
0000feb4   I_LSL_3
0000feb6   I_LSL_2
0000feb8   I_LSL_1
0000febc   Flash_EraseOld_and_Reset
0000fee4   _c_int00
0000fee4   _c_int00_noinit_noexit
0000ff02   I2c_Init
0000ff1e   I2c_Transmit
0000ff3a   ReadADC
0000ff54   __divu
0000ff54   __remu
0000ff6a   SD16ISR
0000ff76   _system_pre_init
0000ff7a   C$$EXIT
0000ff7a   abort
0000ff7e   _nop
0000ff80   __etext__
0000ff80   etext
0000fffe   _reset_vector
ffffffff   __binit__
ffffffff   __c_args__
ffffffff   __cinit__
ffffffff   __pinit__
ffffffff   binit
ffffffff   cinit
ffffffff   pinit

[131 symbols]
