Warning[w12]: Using SFB/SFE in banked or packed segment <CODE> 1 in module SD16_IrTx ( D:\MSP430_IAR_Projects\ezXmit\Debug\Obj\SD16_IrTx.r43 )
################################################################################
#                                                                              #
#      IAR Universal Linker V4.60K/386                                         #
#                                                                              #
#           Link time     =  19/Nov/2009  11:01:15                             #
#           Target CPU    =  MSP430                                            #
#           List file     =  D:\MSP430_IAR_Projects\ezXmit\Debug\List\eZxmit.m #
#                            ap                                                #
#           Output file 1 =  D:\MSP430_IAR_Projects\ezXmit\Debug\Exe\eZxmit.d4 #
#                            3                                                 #
#                            Format: debug                                     #
#                            UBROF version 10.0.2                              #
#                            Using library modules for C-SPY (-rt)             #
#           Command line  =  D:\MSP430_IAR_Projects\ezXmit\Debug\Obj\SD16_IrTx #
#                            .r43                                              #
#                            -o                                                #
#                            D:\MSP430_IAR_Projects\ezXmit\Debug\Exe\eZxmit.d4 #
#                            3                                                 #
#                            -l                                                #
#                            D:\MSP430_IAR_Projects\ezXmit\Debug\List\eZxmit.m #
#                            ap                                                #
#                            -xesni                                            #
#                            "-IC:\Program Files\IAR Systems\Embedded Workbenc #
#                            h 4.0\430\LIB\"                                   #
#                            -f                                                #
#                            "C:\Program Files\IAR Systems\Embedded Workbench  #
#                            4.0\430\CONFIG\lnk430F2013.xcl"                   #
#                            (-cmsp430                                         #
#                            -Z(DATA)DATA16_I,DATA16_Z,DATA16_N,DATA16_HEAP+_D #
#                            ATA16_HEAP_SIZE=0200-027F                         #
#                            -Z(DATA)CSTACK+_STACK_SIZE#                       #
#                            -Z(CODE)INFO=1000-10FF -Z(CODE)INFOA=10C0-10FF    #
#                            -Z(CODE)INFOB=1080-10BF -Z(CODE)INFOC=1040-107F   #
#                            -Z(CODE)INFOD=1000-103F                           #
#                            -Z(CONST)DATA16_C,DATA16_ID,DIFUNCT=F800-FFDF     #
#                            -Z(CONST)DATA20_C,DATA20_ID=F800-FFDF             #
#                            -Z(CODE)CSTART,ISR_CODE=F800-FFDF                 #
#                            -P(CODE)CODE=F800-FFDF -Z(CODE)INTVEC=FFE0-FFFF   #
#                            -Z(CODE)RESET=FFFE-FFFF) -D_STACK_SIZE=32 -rt     #
#                            "C:\Program Files\IAR Systems\Embedded Workbench  #
#                            4.0\430\LIB\CLIB\cl430f.r43"                      #
#                            -e_small_write=_formatted_write                   #
#                            -e_medium_read=_formatted_read                    #
#                            -D_DATA16_HEAP_SIZE=0 -s __program_start          #
#                            -D_DATA20_HEAP_SIZE=50                            #
#                                                                              #
#                        Copyright 1987-2007 IAR Systems. All rights reserved. #
################################################################################





                ****************************************
                *                                      *
                *           CROSS REFERENCE            *
                *                                      *
                ****************************************

       Program entry at :           F800  Relocatable, from module : ?cstart




                ****************************************
                *                                      *
                *            RUNTIME MODEL             *
                *                                      *
                ****************************************

  __core        = 430
  __double_size = 32
  __pic         = no
  __reg_r4      = free
  __reg_r5      = free
  __rt_version  = 3

                ****************************************
                *                                      *
                *              ENTRY LIST              *
                *                                      *
                ****************************************

?FILLER_BYTES
?ABS_ENTRY_MOD
  _DATA20_HEAP_SIZE                          0050 
  _DATA16_HEAP_SIZE                          0000 
  _STACK_SIZE                                0032 
SD16_IrTx ( D:\MSP430_IAR_Projects\ezXmit\Debug\Obj\SD16_IrTx.r43 )
  DCOCTL                                     0056 
  BCSCTL1                                    0057 
  BCSCTL2                                    0058 
  BCSCTL3                                    0053 
  FCTL1                                      0128 
  FCTL2                                      012A 
  FCTL3                                      012C 
  P1OUT                                      0021 
  P1DIR                                      0022 
  P1SEL                                      0026 
  P2OUT                                      0029 
  P2DIR                                      002A 
  P2SEL                                      002E 
  SD16INCTL0                                 00B0 
  SD16AE                                     00B7 
  SD16CTL                                    0100 
  SD16CCTL0                                  0102 
  SD16MEM0                                   0112 
  TAIV                                       012E 
  TACTL                                      0160 
  TACCTL0                                    0162 
  TACCTL1                                    0164 
  TACCR0                                     0172 
  TACCR1                                     0174 
  WDTCTL                                     0120 
  CALDCO_1MHZ                                10FE 
  CALBC1_1MHZ                                10FF 
  IR_tmp                                     0200 
  IR_Tx                                      F8E8 
  IR_ISR                                     F956 
  IR_Packet                                  F922 
  Get_Sd16                                   F984 
  SD16ISR                                    F9C6 
  Timer_A1                                   F9B0 
  init                                       F898 
  main                                       F80C 
  SD16ISR::??INTVEC 10                       FFEA 
  Timer_A1::??INTVEC 16                      FFF0 
  IR_ISR::??INTVEC 18                        FFF2 
  ?setjmp_save_r4                                       NOT NEEDED
  ?setjmp_save_r5                                       NOT NEEDED
?_exit ( C:\Program Files\IAR Systems\Embedded Workbench 4.0\430\LIB\CLIB\cl430f.r43 )
  _exit                                      F9D2 
  __cstart_call_dtors                                   NOT NEEDED
  __cstart_closeall                                     NOT NEEDED
?clibexit ( C:\Program Files\IAR Systems\Embedded Workbench 4.0\430\LIB\CLIB\cl430f.r43 )
  exit                                       F9CE 
?clibstubs ( C:\Program Files\IAR Systems\Embedded Workbench 4.0\430\LIB\CLIB\cl430f.r43 )
  __call_ctors                                          NOT NEEDED
  __call_dtors                                          NOT NEEDED
  _Close_all                                            NOT NEEDED
?__exit ( C:\Program Files\IAR Systems\Embedded Workbench 4.0\430\LIB\CLIB\cl430f.r43 )
  __exit                                     F9D6 
  ?C_EXIT                                    F9D6 
?reset_vector ( C:\Program Files\IAR Systems\Embedded Workbench 4.0\430\LIB\CLIB\cl430f.r43 )
  ?reset_vector                              FFFE 
?cstart ( C:\Program Files\IAR Systems\Embedded Workbench 4.0\430\LIB\CLIB\cl430f.r43 )
  __program_start                            F800 
  ?cstart_begin                              F800 
  ?cstart_call_low_level_init                           NOT NEEDED
  ?cstart_init_zero                                     NOT NEEDED
  ?cstart_init_copy                                     NOT NEEDED
  ?cstart_call_ctors                                    NOT NEEDED
  ?cstart_call_main                          F804 
  ?cstart_end                                F80C 
lowinit ( C:\Program Files\IAR Systems\Embedded Workbench 4.0\430\LIB\CLIB\cl430f.r43 )
  __low_level_init                                      NOT NEEDED
?memcpy ( C:\Program Files\IAR Systems\Embedded Workbench 4.0\430\LIB\CLIB\cl430f.r43 )
  memcpy                                                NOT NEEDED
?memmove ( C:\Program Files\IAR Systems\Embedded Workbench 4.0\430\LIB\CLIB\cl430f.r43 )
  memmove                                               NOT NEEDED
?memzero ( C:\Program Files\IAR Systems\Embedded Workbench 4.0\430\LIB\CLIB\cl430f.r43 )
  __data16_memzero                                      NOT NEEDED
  __data16_memcpy                                       NOT NEEDED
  __data16_memmove                                      NOT NEEDED
?setjmp ( C:\Program Files\IAR Systems\Embedded Workbench 4.0\430\LIB\CLIB\cl430f.r43 )
  setjmp                                                NOT NEEDED
  ?setjmp_r5                                            NOT NEEDED
  ?setjmp_r4                                            NOT NEEDED
  ?setjmp_end                                           NOT NEEDED
?longjmp ( C:\Program Files\IAR Systems\Embedded Workbench 4.0\430\LIB\CLIB\cl430f.r43 )
  longjmp                                               NOT NEEDED
  ?longjmp_r5                                           NOT NEEDED
  ?longjmp_r4                                           NOT NEEDED
  ?longjmp_end                                          NOT NEEDED
?SwitchKey16 ( C:\Program Files\IAR Systems\Embedded Workbench 4.0\430\LIB\CLIB\cl430f.r43 )
  ?SwitchKey16                                          NOT NEEDED



                ****************************************
                *                                      *
                *            MODULE SUMMARY            *
                *                                      *
                ****************************************

Module               CODE      DATA
------               ----      ----
                    (Rel)  (Rel)  (Abs)
?__exit                 2
?_exit                  4
?clibexit               4
?cstart                12
?reset_vector           2
SD16_IrTx             450      2     40
  + common             20
N/A (command line)            50
----------            ---     --     --
Total:                474     52     40
  + common             20


                ****************************************
                *                                      *
                *      SEGMENTS IN ADDRESS ORDER       *
                *                                      *
                ****************************************


SEGMENT              SPACE    START ADDRESS   END ADDRESS     SIZE  TYPE  ALIGN
=======              =====    =============   ===========     ====  ====  =====
DATA16_AN                              0021 - 0022               2   rel    0
                                       0026 - 0026               1 
                                       0029 - 002A               2 
                                       002E - 002E               1 
                                       0053 - 0053               1 
                                       0056 - 0058               3 
                                       00B0 - 00B0               1 
                                       00B7 - 00B7               1 
                                       0100 - 0103               4 
                                       0112 - 0113               2 
                                       0120 - 0121               2 
                                       0128 - 012F               8 
                                       0160 - 0165               6 
                                       0172 - 0175               4 
DATA16_I                                  0200                       dse    0
DATA16_Z                                  0200                       dse    0
DATA16_N                               0200 - 0201               2   rel    1
CSTACK                                 024E - 027F              32   rel    1
DATA16_AN                              10FE - 10FF               2   rel    0
CSTART                                 F800 - F80B               C   rel    1
<CODE> 1                               F80C - F9D7             1CC   rel    1
INTVEC                                 FFE0 - FFF3              14   com    1
RESET                                  FFFE - FFFF               2   rel    1

                ****************************************
                *                                      *
                *        END OF CROSS REFERENCE        *
                *                                      *
                ****************************************

 494 bytes of CODE memory
  52 bytes of DATA memory (+ 40 absolute )

Errors: none
Warnings: 1

